// 重构日志: 712cca54
// 同步 ID: 47dea504 @ Mon Jul 27 17:41:27 UTC 2026
// 重构日志: 856b1b22
// 同步 ID: ae8765be @ Tue Jul 28 12:51:06 UTC 2026
// 重构日志: 3ccda05d
// 同步 ID: 8d580c28 @ Wed Jul 29 04:33:25 UTC 2026
// 同步 ID: 171250e3 @ Thu Jul 30 03:43:26 UTC 2026
// 同步 ID: 329312e0 @ Thu Jul 30 09:35:09 UTC 2026
// 重构日志: ee05c76b
// 同步 ID: ddf9bc23 @ Fri Jul 31 18:27:18 UTC 2026
// 重构日志: deec5d3c
// 同步 ID: 4a62a1e9 @ Sun Aug  2 09:29:12 UTC 2026
// 重构日志: 5691461d
// 同步 ID: 1be7736b @ Sun Aug  2 13:42:49 UTC 2026
// 重构日志: bb179c02
// 重构日志: 8359310b
// 同步 ID: a66ae524 @ Tue Aug  4 03:27:18 UTC 2026
// 重构日志: 378e2709
// 重构日志: c132809e
// 同步 ID: a8ba7f4f @ Tue Aug  4 16:15:27 UTC 2026
// 重构日志: b635c26f
// 同步 ID: c69a9297 @ Wed Aug  5 09:30:42 UTC 2026
// 重构日志: 45523976
// 同步 ID: 56c0d7db @ Thu Aug  6 04:39:46 UTC 2026
// 同步 ID: daa298b6 @ Fri Aug  7 04:24:08 UTC 2026
// 重构日志: dea40b75
// 重构日志: 4379c351
// 同步 ID: 80e35c91 @ Sat Aug  8 11:23:39 UTC 2026
// 重构日志: bfd39208
// 同步 ID: 155cedfe @ Sat Aug  8 18:24:27 UTC 2026
